reg__76: 
case__46: 
fifo_generator_ramfifo__parameterized0: 
logic__93: 
logic__50: 
logic__231: 
reg__46: 
case__21: 
reset_blk_ramfifo__xdcDup__1: 
logic__76: 
case__4: 
output_blk: 
logic__179: 
reset_blk_ramfifo: 
logic__158: 
dmem: 
logic__52: 
logic__200: 
reg__81: 
logic__275: 
logic__255: 
logic__193: 
memory: 
axi_protocol_converter_v2_1_22_a_axi3_conv__parameterized0: 
logic__183: 
keep__142: 
rd_bin_cntr: 
reg__79: 
memory__parameterized0: 
logic__6: 
logic__96: 
reg__60: 
reg__68: 
logic__234: 
keep__122: 
logic__220: 
keep__129: 
counter__7: 
logic__259: 
case__24: 
logic__12: 
logic__101: 
xpm_cdc_async_rst: 
case__20: 
logic__89: 
keep__121: 
axi_protocol_converter_v2_1_22_axi3_conv: 
fifo_generator_top: 
axi_protocol_converter_v2_1_22_axi_protocol_converter: 
reg__12: 
keep: 
case__51: 
reg__62: 
keep__94: 
reg__8: 
reg__40: 
keep__97: 
reg__23: 
reg__38: 
keep__126: 
keep__156: 
rd_fwft: 
keep__111: 
datapath: 
case__41: 
addsub__2: 
reg__52: 
case__42: 
fifo_generator_ramfifo: 
reg__44: 
keep__139: 
case__44: 
logic__94: 
logic__263: 
reg__31: 
case__53: 
reg__67: 
reg__53: 
logic__278: 
logic: 
logic__21: 
reg__6: 
datapath__14: 
wr_status_flags_ss: 
reg__57: 
reg__41: 
logic__32: 
logic__85: 
reg__15: 
case__3: 
reg__64: 
reg__73: 
reg__11: 
logic__239: 
keep__100: 
logic__110: 
reg__54: 
keep__140: 
reg__10: 
keep__98: 
input_blk__parameterized0: 
logic__256: 
logic__91: 
case__1: 
keep__150: 
logic__29: 
keep__101: 
logic__144: 
case__29: 
reg__3: 
datapath__10: 
fifo_generator_v13_2_5: 
logic__24: 
logic__71: 
keep__104: 
axi_data_fifo_v2_1_21_fifo_gen__parameterized0: 
case__43: 
reg__74: 
case__38: 
fifo_generator_v13_2_5__xdcDup__1: 
reg__83: 
signinv: 
case__13: 
keep__102: 
logic__224: 
logic__143: 
case__34: 
logic__23: 
reg__5: 
reg__29: 
logic__181: 
case__37: 
keep__130: 
rd_logic: 
reg__19: 
reg__1: 
case__23: 
case__11: 
counter__4: 
logic__11: 
keep__124: 
keep__103: 
reg__32: 
fifo_generator_v13_2_5__parameterized0: 
logic__22: 
reg__71: 
reg__56: 
keep__148: 
case__26: 
reg__17: 
keep__117: 
case__39: 
case__6: 
keep__152: 
reg__21: 
reg__37: 
reg__16: 
keep__108: 
reset_blk_ramfifo__xdcDup__2: 
compare: 
reg__25: 
counter: 
reg__42: 
logic__167: 
logic__271: 
keep__118: 
reg__55: 
axi_data_fifo_v2_1_21_axic_fifo__parameterized0: 
dmem__parameterized0: 
logic__145: 
fifo_generator_v13_2_5_synth: 
reg__9: 
keep__114: 
addsub__1: 
datapath__9: 
fifo_generator_top__xdcDup__1: 
wr_logic: 
fifo_generator_ramfifo__xdcDup__1: 
keep__147: 
case__2: 
datapath__7: 
case__15: 
logic__250: 
reg__43: 
logic__207: 
keep__145: 
case__32: 
reg__33: 
keep__137: 
logic__213: 
logic__170: 
logic__117: 
keep__120: 
case__54: 
logic__107: 
logic__124: 
logic__16: 
logic__26: 
signinv__3: 
case__9: 
keep__144: 
reg__7: 
signinv__2: 
keep__133: 
keep__151: 
axi_protocol_converter_v2_1_22_a_axi3_conv: 
logic__116: 
keep__115: 
reg__78: 
reg__22: 
datapath__11: 
reg__20: 
case__45: 
logic__159: 
muxpart: 
logic__272: 
reg: 
keep__146: 
reg__4: 
keep__143: 
case__17: 
reg__36: 
logic__203: 
datapath__2: 
logic__194: 
keep__141: 
fifo_generator_v13_2_5_synth__parameterized0: 
datapath__4: 
axi_protocol_converter_v2_1_22_r_axi3_conv: 
case__31: 
logic__273: 
datapath__12: 
logic__68: 
keep__113: 
case__40: 
counter__6: 
reg__63: 
reg__65: 
case__16: 
reg__48: 
reg__13: 
rd_status_flags_ss: 
logic__137: 
case__5: 
reg__2: 
wr_bin_cntr: 
muxpart__1: 
keep__106: 
logic__185: 
axi_protocol_converter_v2_1_22_w_axi3_conv: 
keep__134: 
logic__190: 
keep__105: 
keep__110: 
logic__251: 
reg__28: 
reg__30: 
logic__204: 
reg__39: 
keep__96: 
logic__202: 
reg__45: 
fifo_generator_v13_2_5_synth__xdcDup__1: 
datapath__15: 
keep__109: 
reg__75: 
axi_data_fifo_v2_1_21_fifo_gen__xdcDup__1: 
keep__149: 
case__30: 
logic__104: 
logic__92: 
datapath__16: 
logic__197: 
logic__25: 
case: 
case__18: 
axi_data_fifo_v2_1_21_axic_fifo: 
keep__107: 
reg__49: 
reg__34: 
keep__155: 
addsub: 
keep__99: 
reg__18: 
logic__62: 
reg__82: 
keep__135: 
keep__132: 
logic__140: 
signinv__5: 
keep__131: 
counter__2: 
counter__8: 
General_Filter_auto_pc_0: 
reg__58: 
counter__1: 
logic__216: 
reg__27: 
axi_data_fifo_v2_1_21_fifo_gen: 
case__33: 
reg__80: 
datapath__13: 
reg__26: 
logic__98: 
output_blk__parameterized0: 
case__48: 
reg__70: 
signinv__1: 
logic__149: 
case__35: 
reg__61: 
logic__63: 
logic__210: 
keep__95: 
logic__130: 
logic__15: 
keep__127: 
keep__125: 
case__27: 
logic__164: 
datapath__3: 
keep__112: 
logic__184: 
reg__69: 
axi_data_fifo_v2_1_21_axic_fifo__xdcDup__1: 
fifo_generator_top__parameterized0: 
logic__51: 
keep__154: 
case__52: 
keep__128: 
logic__262: 
logic__163: 
reg__66: 
case__8: 
logic__123: 
keep__123: 
reg__59: 
logic__182: 
case__7: 
case__14: 
logic__95: 
signinv__4: 
axi_protocol_converter_v2_1_22_b_downsizer: 
logic__238: 
keep__136: 
reg__51: 
counter__5: 
logic__243: 
logic__171: 
datapath__8: 
reg__47: 
counter__3: 
keep__153: 
case__25: 
logic__201: 
case__50: 
input_blk: 
datapath__5: 
logic__88: 
case__10: 
logic__192: 
logic__283: 
reg__84: 
reg__50: 
case__49: 
datapath__1: 
case__19: 
case__28: 
logic__237: 
logic__42: 
logic__219: 
logic__67: 
reg__35: 
logic__113: 
reg__24: 
reg__14: 
reg__72: 
case__36: 
logic__191: 
logic__180: 
datapath__6: 
case__47: 
logic__90: 
keep__116: 
reg__77: 
case__22: 
keep__138: 
logic__120: 
logic__97: 
keep__119: 
logic__274: 
