#-----------------------------------------------------------
# Vivado v2020.2 (64-bit)
# SW Build 3064766 on Wed Nov 18 09:12:45 MST 2020
# IP Build 3064653 on Wed Nov 18 14:17:31 MST 2020
# Start of session at: Fri Apr 26 10:37:56 2024
# Process ID: 7252
# Current directory: C:/Users/qhb21126/Documents/MATLAB/GIT/image_filtering_pynq/image_filtering_pynq/VivadoProject/VivadoProject.runs/Filter_processing_system7_0_0_synth_1
# Command line: vivado.exe -log Filter_processing_system7_0_0.vds -product Vivado -mode batch -messageDb vivado.pb -notrace -source Filter_processing_system7_0_0.tcl
# Log file: C:/Users/qhb21126/Documents/MATLAB/GIT/image_filtering_pynq/image_filtering_pynq/VivadoProject/VivadoProject.runs/Filter_processing_system7_0_0_synth_1/Filter_processing_system7_0_0.vds
# Journal file: C:/Users/qhb21126/Documents/MATLAB/GIT/image_filtering_pynq/image_filtering_pynq/VivadoProject/VivadoProject.runs/Filter_processing_system7_0_0_synth_1\vivado.jou
#-----------------------------------------------------------
source Filter_processing_system7_0_0.tcl -notrace
